{
  "version": "1.5.0",
  "plugins_used": [
    {
      "name": "ArtifactoryDetector"
    },
    {
      "name": "AWSKeyDetector"
    },
    {
      "name": "AzureStorageKeyDetector"
    },
    {
      "name": "Base64HighEntropyString",
      "limit": 4.5
    },
    {
      "name": "BasicAuthDetector"
    },
    {
      "name": "CloudantDetector"
    },
    {
      "name": "DiscordBotTokenDetector"
    },
    {
      "name": "GitHubTokenDetector"
    },
    {
      "name": "GitLabTokenDetector"
    },
    {
      "name": "HexHighEntropyString",
      "limit": 3.0
    },
    {
      "name": "IbmCloudIamDetector"
    },
    {
      "name": "IbmCosHmacDetector"
    },
    {
      "name": "IPPublicDetector"
    },
    {
      "name": "JwtTokenDetector"
    },
    {
      "name": "KeywordDetector",
      "keyword_exclude": ""
    },
    {
      "name": "MailchimpDetector"
    },
    {
      "name": "NpmDetector"
    },
    {
      "name": "OpenAIDetector"
    },
    {
      "name": "PrivateKeyDetector"
    },
    {
      "name": "PypiTokenDetector"
    },
    {
      "name": "SendGridDetector"
    },
    {
      "name": "SlackDetector"
    },
    {
      "name": "SoftlayerDetector"
    },
    {
      "name": "SquareOAuthDetector"
    },
    {
      "name": "StripeDetector"
    },
    {
      "name": "TelegramBotTokenDetector"
    },
    {
      "name": "TwilioKeyDetector"
    }
  ],
  "filters_used": [
    {
      "path": "detect_secrets.filters.allowlist.is_line_allowlisted"
    },
    {
      "path": "detect_secrets.filters.common.is_baseline_file",
      "filename": ".secrets.baseline"
    },
    {
      "path": "detect_secrets.filters.common.is_ignored_due_to_verification_policies",
      "min_level": 2
    },
    {
      "path": "detect_secrets.filters.heuristic.is_indirect_reference"
    },
    {
      "path": "detect_secrets.filters.heuristic.is_likely_id_string"
    },
    {
      "path": "detect_secrets.filters.heuristic.is_lock_file"
    },
    {
      "path": "detect_secrets.filters.heuristic.is_not_alphanumeric_string"
    },
    {
      "path": "detect_secrets.filters.heuristic.is_potential_uuid"
    },
    {
      "path": "detect_secrets.filters.heuristic.is_prefixed_with_dollar_sign"
    },
    {
      "path": "detect_secrets.filters.heuristic.is_sequential_string"
    },
    {
      "path": "detect_secrets.filters.heuristic.is_swagger_file"
    },
    {
      "path": "detect_secrets.filters.heuristic.is_templated_secret"
    },
    {
      "path": "detect_secrets.filters.regex.should_exclude_file",
      "pattern": [
        "pnpm-lock\\.yaml"
      ]
    }
  ],
  "results": {
    "docs/events/SequenceRunLibraryLinkingChange/examples/SRLLC.json": [
      {
        "type": "Hex High Entropy String",
        "filename": "docs/events/SequenceRunLibraryLinkingChange/examples/SRLLC.json",
        "hashed_secret": "2c51746177887d47f7317194ad73cd98b2470e75",
        "is_verified": false,
        "line_number": 11
      }
    ],
    "docs/events/SequenceRunLibraryLinkingUpdate/examples/SRLLU.json": [
      {
        "type": "Hex High Entropy String",
        "filename": "docs/events/SequenceRunLibraryLinkingUpdate/examples/SRLLU.json",
        "hashed_secret": "c7a3f6d02efdff9d4a3a0f10076945fb4281272b",
        "is_verified": false,
        "line_number": 11
      }
    ],
    "docs/events/SequenceRunSampleSheetChange/examples/SRSSC.json": [
      {
        "type": "Hex High Entropy String",
        "filename": "docs/events/SequenceRunSampleSheetChange/examples/SRSSC.json",
        "hashed_secret": "37f471bbc25bea5be1d2659a86e543d362306994",
        "is_verified": false,
        "line_number": 11
      },
      {
        "type": "Base64 High Entropy String",
        "filename": "docs/events/SequenceRunSampleSheetChange/examples/SRSSC.json",
        "hashed_secret": "9396a8bd17ac35d6129c2fb5c2fe80bd2cdc347f",
        "is_verified": false,
        "line_number": 18
      }
    ],
    "docs/events/SequenceRunSampleSheetUpdate/examples/SRSSU.json": [
      {
        "type": "Hex High Entropy String",
        "filename": "docs/events/SequenceRunSampleSheetUpdate/examples/SRSSU.json",
        "hashed_secret": "799998b5c824f2805fe65e3d4513a550e4aa350d",
        "is_verified": false,
        "line_number": 11
      }
    ],
    "docs/events/SequenceRunStateChange/examples/SRSC__resolved.json": [
      {
        "type": "Hex High Entropy String",
        "filename": "docs/events/SequenceRunStateChange/examples/SRSC__resolved.json",
        "hashed_secret": "186516b8d2bb2077952390f63b0c65d45b071b22",
        "is_verified": false,
        "line_number": 11
      }
    ],
    "docs/events/SequenceRunStateChange/examples/SRSC__started.json": [
      {
        "type": "Hex High Entropy String",
        "filename": "docs/events/SequenceRunStateChange/examples/SRSC__started.json",
        "hashed_secret": "a06ebe32d82f302d99ca3c52f2760a16c571597b",
        "is_verified": false,
        "line_number": 11
      }
    ],
    "docs/events/SequenceRunStateChange/examples/SRSC__started__null.json": [
      {
        "type": "Hex High Entropy String",
        "filename": "docs/events/SequenceRunStateChange/examples/SRSC__started__null.json",
        "hashed_secret": "a06ebe32d82f302d99ca3c52f2760a16c571597b",
        "is_verified": false,
        "line_number": 11
      }
    ],
    "docs/events/SequenceRunStateChange/examples/SRSC__succeeded.json": [
      {
        "type": "Hex High Entropy String",
        "filename": "docs/events/SequenceRunStateChange/examples/SRSC__succeeded.json",
        "hashed_secret": "bcddb04c57082da6484d947111331b0b8034c2e4",
        "is_verified": false,
        "line_number": 11
      }
    ]
  },
  "generated_at": "2026-10-04T16:34:13Z"
}
